
> typecheck
> tsc

client/lib/utils.spec.ts(1,38): error TS2307: Cannot find module 'vitest' or its corresponding type declarations.
server/routes/auth.ts(37,33): error TS2345: Argument of type 'Response<any, Record<string, any>, number>' is not assignable to parameter of type 'void | PromiseLike<void>'.
